[    0.000000] Initializing cgroup subsys cpuset
[    0.000000] Initializing cgroup subsys cpu
[    0.000000] Initializing cgroup subsys cpuacct
[    0.000000] Linux version 4.4.0-135-generic (buildd@lcy01-amd64-020) (gcc version 5.4.0 20160609 (Ubuntu 5.4.0-6ubuntu1~16.04.10) ) #161-Ubuntu SMP Mon Aug 27 10:45:01 UTC 2018 (Ubuntu 4.4.0-135.161-generic 4.4.140)
[    0.000000] Command line: BOOT_IMAGE=/boot/vmlinuz-4.4.0-135-generic root=LABEL=cloudimg-rootfs ro console=tty1 console=ttyS0
[    0.000000] KERNEL supported cpus:
[    0.000000]   Intl enuineIntel
[    0.000000]   AMD AuthenticAMD
[    0.000000]   Centaur CentaurHauls
[    0.000000] x86/fpu: xstate_offset[2]:  576, xstate_sizes[2]:  256
[    0.000000] x86/fu: Supporting XSAVE feature 0x01: 'x87 floating point registers'
[    0.000000] x86/fpu: Supporting XSAVE feature 0x02: 'SSE registers'
[    0.000000] x86/fpu: Supporting XSAVE feature 0x04: 'AVX registers'
[    0.000000] x86/fpu: Enabled xstate features 0x7, context size is 832 bytes, using 'standard' format.
[    0.000000] e820: BIOS-provided physical RAM map:
[    0.000000] BIOS-e820: [mem 0x0000000000000000-0x000000000009fbff] usable
[    0.000000] BIOS-e820: [mem 0x000000000009fc00-0x000000000009ffff] reserved
[    0.000000] BIOS-e820: [mem 0x00000000000f0000-0x00000000000fffff] reserved
[    0.000000] BIOS-e820: [mem 0x0000000000100000-0x000000003ffeffff] usable
[    0.000000] BIOS-e820: [mem 0x000000003fff0000-0x000000003fffffff] ACPI data
[    0.000000] BIOS-e820: [mem 0x00000000fec00000-0x00000000fec00fff] reserved
[    0.000000]BIOS-e820: [mem 0x00000000fee00000-0x00000000fee00fff] reserved
[    0.000000] BIOS-e820: [mem 0x00000000fffc0000-0x00000000ffffffff] reserved
[    0.000000] NX (Execute Disable) protection: active
[    0.000000] SMBIOS 2.5 present.
[    0.000000] Hypervisor detected: KVM
[    0.000000] e820: last_pfn = 0x3fff0 max_arch_pfn = 0x400000000
[    0.000000] MTRR: Disabled
[    0.000000] x86/PAT: MTRRs disabled, kipping PAT initialization too.
[    0.000000] CPU MTRRs all blank - virtualized system.
[    0.000000] x86/PAT: Configuration [0-7]: WB  WT  UC- UC  WB  WT  UC- UC  
[    0.000000] found SMP MP-table at [mem 0x0009fff0-0x0009ffff] mapped at [ffff88000009fff0]
[    0.000000] Scanning 1 areas for low memory corruption
[    0.000000] RAMDISK: [mem 0x3630a000-0x3717cfff]
[    0.000000] ACPI: Early table checksum verification disabled
    0.000000] ACPI: RSDP 0x00000000000E0000 000024 (v02 VBOX  )
[    0.000000] ACPI: XSDT 0x000000003FFF0030 00003C (v01 VBOX   VBOXXSDT 00000001 ASL  00000061)
[    0.000000] ACPI: FACP 0x000000003FFF00F0 0000F4 (v04 VBOX   VBOXFACP 00000001 ASL  00000061)
[    0.000000] ACPI: DSDT 0x000000003FFF0470 0021FF (v02 VBOX   VBOXBIOS 00000002 INTL 20180629)
[    0.000000] ACPI: FACS 0x000000003FFF0200 00000
[    0.000000] ACPI: FACS 0x000000003FFF0200 000040
[    0.000000] ACPI: APIC 0x000000003FFF0240 00005C (v02 VBOX   VBOXAPIC 00000001 ASL  00000061)
[    0.000000] ACPI: SSDT 0x000000003FFF02A0 0001CC (v01 VBOX   VBOXCPUT 00000002 ITL 20180629)
[    0.000000] No NUMA configuration found
[    0.000000] Faking a node at [mem 0x0000000000000000-0x000000003ffeffff]
[    0.000000] NODE_DATA(0) allocated [mem 0x3ffeb000-0x3ffeffff]
[    0.000000] kvm-ock: Using msrs 4b564d01 and 4b564d00
[    0.000000] kvm-clock: cpu 0, msr 0:3ffe3001, primary cpu clock
[    0.000000] kvm-clock: using sched offset of 3934475331 cycles
[    0.000000] clocksource: kvm-clock: mask: 0xffffffffffffffff max_cycles: 0x1cd42e4dffb, max_idle_ns: 881590591483 ns
[    0.000000] Zone ranges:
[    0.000000]   DMA      [mem 0x0000000000001000-0x0000000000ffffff]
[    0.000000]   DMA32    [mem 0x0000000001000000-0x000000003ffeffff]
[    0.000000]   Normal   empty
[    0.000000]   Device   empty
[    0.000000] Movable zone start for each node
[    0.000000] Early memory node ranges
[    0.000000]   node   0: [mem 0x0000000000001000-0x000000000009efff]
[    0.000000]   node   0: [mem 0x0000000000100000-0x000000003ffeffff]
[    0.000000] Initmem setup node 0 [mem 0x00000000001000-0x000000003ffeffff]
[    0.000000] ACPI: PM-Timer IO Port: 0x4008
[    0.000000] IOAPIC[0]: apic_id 2, version 32, address 0xfec00000, GSI 0-23
[    0.000000] ACPI: INT_SRC_OVR (bus 0 bus_irq 0 global_irq 2 dfl dfl)
[    0.000000] ACPI: INT_SRC_OVR (bus 0 bus_irq 9 global_irq 9 low level)
[    0.000000] Using ACPI (MADT) for SMP configuration information
[    0.000000] smpboot: Allowing 2 CPUs, 0 hotplug CPUs
[    0.000000] PM: Registered nosave memory: [mem 0x00000000-0x00000fff]
[    0.000000] PMRegistered nosave memory: [mem 0x0009f000-0x0009ffff]
[    0.000000] PM: Registered nosave memory: [mem 0x000a0000-0x000effff]
[    0.000000] PM: Registered nosave memory: [mem 0x000f0000-0x000fffff]
[    0.000000] e820: [mem 0x40000000-0xfebfffff] available for PCI devices
[    0.000000] Booting paravirtualized kernel on KVM
[    0.000000] clocksource: refined-jiffies: mask: 0xffffffff max_cycles: 0xffffffff, max_idle_ns: 7645519600211568 ns
[    0.000000] setup_percpu: NR_CPUS:512 nr_cpumask_bits:512 nr_cpu_ids:2 nr_node_ids:1
[    0.000000] PERCPU: Embedded 34 pages/cpu @ffff88003fc00000 s99544 r8192 d31528 u1048576
[    0.000000] PV qspinlock hash table entries: 256 (order: 0, 4096 bytes)
[    0.000000] Built 1 zonelists in Node order, mobility grouping on.  Total pages: 257912
[    0.000000] Policy zone: DMA32
[    0.000000] Kernel command line: BOOT_IMAGE=/boot/vmlinuz-4.4.0-135-generic root=LABEL=cloudimg-rootfs ro console=tty1 console=ttyS0
[    0.000000] PID hash table entries: 4096 (order: 3, 32768 bytes)
[    0.000000] Memory: 99772/1048120K available (8554K kernel code, 1314K rwdata, 4004K rodata, 1516K init, 1316K bss, 50400K reserved, 0K cma-reserved)
[    0.000000] SLUB: HWalign=64, Order=0-3, MinObjects=0, CPUs=2, Nodes=1
[    0.000000] Kernel/User page tables isolation: enabled
[    0.000000] Hierarchical RCU implentation.
[    0.000000] 	Build-time adjustment of leaf fanout to 64.
[    0.000000] 	RCU restricting CPUs from NR_CPUS=512 to nr_cpu_ids=2.
[    0.000000] RCU: Adjusting geometry for rcu_fanout_leaf=64, nr_cpu_ids=2
[    0.000000] NR_IRQS:33024 nr_irqs:440 16
[    0.000000] Console: colour VGA+ 80x25
[    0000000] console [tty1] enabled
[    0.000000] console [ttyS0] enabled
[    0.000000] tsc: Detected 2593.992 MHz processor
[    0.695614] Calibrating delay loop (skipped) preset value.. 5187.98 BogoMIPS (lpj=10375968)
[    0.708925] pid_max: default: 32768 minimum: 301
[    0.709985] ACPI: Core revision 20150930
[    0.712062] ACPI: 2 ACPI AML tables successfully acquired and loaded
[    0.714175] Security Framework initialized
[    0.715106] Yama: becoming mindful.
[    0.715993] AppArmor: AppArmor initialized
[    0.717069] Dentry cache hash table entries: 131072 (order: 8, 1048576 bytes)
[    0.724787] Inode-cache hash table entries: 65536 (order: 7, 524288 bytes)
[    0.731469] Mount-cache hash table entries: 2048 (order: 2, 16384 bytes)
[    0.738455] Mountpoint-cache hash table entries: 2048 (order: 2, 16384 bytes)
[    0.740082] Initializing cgroup subsys io
[    0.740927] Initializing cgroup subsys memory
[    0.741882] Initializing cgroup subsys devices
[    0.742744] Initializing cgroup subsys freezer
[    0.743610] Initializing cgroup subsys net_cls
[    0.744448] Initializing cgroup subsys perf_event
[    0.745344] Initializing cgroup subsys net_prio
[    0.749576] Initializing cgroup subsys hugetlb
[    0.750748] Initializing cgroup subsys pids
[    0.758315] mce: CPU supports 0 MCE banks
[    0.766322] Last level iTLB entries: 4KB 1024, 2MB 1024, 4MB 1024
[    0.767381] Last level dTLB entries: 4KB 1024, 2MB 1024, 4MB 1024, 1GB 4
[    0.768513] Spectre V2 : Mitigation: Full generic retpoline
[    0.770837] Spectre V2 : Speculation control IBPB not-supported IBRS not-supported
[    0.772372] Speculative Store Bypass: Vulnerable
[    0.775925] Freeing SMP alternatives memory: 32K
[    0.786173] ftrace: allocating 32266 entries in 127 pages
[    0.847977] smpboot: APIC(0) Converting physical 0 to logical package 0
[    0.866223] smpboot: Max logical packages: 1
[    0.870406] x2apic enabled
[    0.871408] Switched APIC routing to physical x2apic.
[    0.874120] ..TIMER: vector=0x30 apic1=0 pin1=2 apic2=-1 pin2=-1
[    0.989294] smpboot: CPU0: Intel(R) Core(TM) i7-4510U CPU @ 2.00GHz (family: 0x6, model: 0x45, stepping: 0x1)
[    0.999265] Performance Events: unsupported p6 CPU model 69 no PMU driver, software events only.
[    1.005946] KVM setup paravirtual spinlock
[    1.008146] x86: Booting SMP configuration:
[    1.009359] .... node  #0, CPUs:      #1
[    1.010526] kvm-clock: cpu 1, msr 0:3ffe3041, secondary cpu clock
[    1.040486] mce: CPU supports 0 MCE banks
[    1.043211] x86: Booted up 1 node, 2 CPUs
[    1.050701] smpboot: Total of 2 processors activated (10375.96 BogoMIPS)
[    1.052940] devtmpfs: initialized
[    1.056024] evm: security.selinux
[    1.058207] evm: security.SMACK64
[    1.064631] evm: security.SMACK64EXEC
[    1.066640] evm: security.SMACK64TRANSMUTE
[    1.073080] evm: security.SMACK64MMAP
[    1.074142] evm: security.ima
[    1.075082] evm: security.capability
[    1.076418] clocksource: jiffies: mask: 0xffffffff max_cycles: 0xffffffff, max_idle_ns: 7645041785100000 ns
[    1.079008] futex hash table entries: 512 (order: 3, 32768 bytes)
[    1.086049] pinctrl core: initialized pinctrl subsystem
[    1.087678] RTC time:  2:06:20, date: 09/26/18
[    1.090510] NET: Registered protocol family 16
[    1.109748] cpuidle: using governor ladder
[    1.133268] cpuidle: using governor menu
[    1.136206] PCCT header not found.
[    1.137495] ACPI: bus type PCI registered
[    1.138823] acpiphp: ACPI Hot Plug PCI Controller Driver version: 0.5
[    1.140670] PCI: Using configuration type 1 for base access
[    1.154688] ACPI: Added _OSI(Module Device)
[    1.157052] ACPI: Added _OSI(Processor Device)
[    1.168900] ACPI: Added _OSI(3.0 _SCP Extensions)
[    1.170231] ACPI: Added _OSI(Processor Aggregator Device)
[    1.172796] ACPI: Executed 1 blocks of module-level executable AML code
[    1.177334] ACPI: Interpreter enabled
[    1.179809] ACPI: (supports S0 S5)
[    1.182842] ACPI: Using IOAPIC for interrupt routing
[    1.184157] PCI: Using host bridge windows from ACPI; if necessary, use "pci=nocrs" and report a bug
[    1.191297] ACPI: PCI Root Bridge [PCI0] (domain 0000 [bus 00-ff])
[    1.195856] acpi PNP0A03:00: _OSC: OS supports [ASPM ClockPM Segments MSI]
[    1.198909] acpi PNP0A03:00: _OSC: not requesting OS control; OS requires [ExtendedConfig ASPM ClockPM MSI]
[    1.201022] acpi PNP0A03:00: fail to add MMCONFIG information, can't access extended PCI configuration space under this bridge.
[    1.203459] PCI host bridge to bus 0000:00
[    1.209692] pci_bus 0000:00: root bus resource [io  0x0000-0x0cf7 window]
[    1.211080] pci_bus 0000:00: root bus resource [io  0x0d00-0xffff window]
[    1.217831] pci_bus 0000:00: root bus resource [mem 0x000a0000-0x000bffff window]
[    1.219327] pci_bus 0000:00: root bus resource [mem 0x40000000-0xfdffffff window]
[    1.220830] pci_bus 0000:00: root bus resource [bus 00-ff]
[    1.225620] pci 0000:00:01.1: legacy IDE quirk: reg 0x10: [io  0x01f0-0x01f7]
[    1.228726] pci 0000:00:01.1: legacy IDE quirk: reg 0x14: [io  0x03f6]
[    1.231746] pci 0000:00:01.1: legacy IDE quirk: reg 0x18: [io  0x0170-0x0177]
[    1.243600] pci 0000:00:01.1: legacy IDE quirk: reg 0x1c: [io  0x0376]
[    1.279177] pci 0000:00:07.0: quirk: [io  0x4000-0x403f] claimed by PIIX4 ACPI
[    1.308638] pci 0000:00:07.0: quirk: [io  0x4100-0x410f] claimed by PIIX4 SMB
[    1.320969] ACPI: PCI Interrupt Link [LNKA] (IRQs 5 9 10 *11)
[    1.325470] ACPI: PCI Interrupt Link [LNKB] (IRQs 5 9 *10 11)
[    1.334689] ACPI: PCI Interrupt Link [LNKC] (IRQs 5 *9 10 11)
[    1.336855] ACPI: PCI Interrupt Link [LNKD] (IRQs 5 9 10 *11)
[    1.339166] ACPI: Enabled 2 GPEs in block 00 to 07
[    1.341023] vgaarb: setting as boot device: PCI:0000:00:02.0
[    1.342594] vgaarb: device added: PCI:0000:00:02.0,decodes=io+mem,owns=io+mem,locks=none
[    1.344914] vgaarb: loaded
[    1.347228] vgaarb: bridge control possible 0000:00:02.0
[    1.349001] SCSI subsystem initialized
[    1.350317] ACPI: bus type USB registered
[    1.351490] usbcore: registered new interface driver usbfs
[    1.353019] usbcore: registered new interface driver hub
[    1.354536] usbcore: registered new device driver usb
[    1.364091] PCI: Using ACPI for IRQ routing
[    1.367360] NetLabel: Initializing
[    1.368337] NetLabel:  domain hash size = 128
[    1.369326] NetLabel:  protocols = UNLABELED CIPSOv4
[    1.370397] NetLabel:  unlabeled traffic allowed by default
[    1.371624] amd_nb: Cannot enumerate AMD northbridges
[    1.372681] clocksource: Switched to clocksource kvm-clock
[    1.383047] AppArmor: AppArmor Filesystem Enabled
[    1.384046] pnp: PnP ACPI init
[    1.385467] pnp: PnP ACPI: found 3 devices
[    1.401283] clocksource: acpi_pm: mask: 0xffffff max_cycles: 0xffffff, max_idle_ns: 2085701024 ns
[   1.403445] T: Registered protocol family 2

[    1.479827] TCP established hash table entries: 8192 (order: 4, 65536 bytes)
[    1.486366] TCP bind hash table entries: 8192 (order: 5, 131072 bytes)
[    1.487507] TCP: Hash tables configured (established 8192 bind 8192)
[    1.489338] UDP hash tble entries: 512 (order: 2, 16384 bytes)
[    1.514790] UDP-Lite hash table entries: 512 (order: 2, 16384 bytes)
[    1.515962] NET: Registered protocol family 1
[    1.516817] pci 0000:00:00.0: Limiting direct PCI/PCI transfers
[    1.517883] pci 0000:00:01.0: Activating ISA DMA hang workarounds
[    1.519082] Unpacking initramfs...

[    1.786700] Freeing initrd memory: 14796K
[    1.788535] RAPL PMU detected, API unit is 2^-32 Joules, 4 fixed counters 10737418240 ms ovfl timer
[    1.810838] hw unit of domain pp0-core 2^-0 Joules
[    1.814128] hw unit of domain package 2^-0 Joules
[    1.815462] hw unit of domain dram 2^-0 Joules
[    1.828114] hw unit of domain pp1-gpu 2^-0 Joules
[    1.837809] platform rtc_cmos: registered platform RTC device (no PNP device found)
[    1.850628] Scanning for low memory corruption every 60 seconds
[    1.852666] audit: initializing netlink subsys (disabled)
[    1.854174] audit: type=2000 audit(1537927585.501:1): initialized
[    1.857955] Initialise system trusted keyring
[    1.862579] HugeTLB registered 2 MB page size, pre-allocated 0 pages
[    1.866676] zbud: loaded
[    1.868044] VFS: Disk quotas dquot_6.6.0
[    1.869292] VFS: Dquot-cache hash table entries: 512 (order 0, 4096 bytes)
[    1.871410] squashfs: version 4.0 (2009/01/31) Phillip Lougher
[    1.874301] fuse init (API version 723)

[    1.927656] Key type big_key registered
[   1.930290] Allocating IMA MOK and blacklist keyrings.

[    1.957538] Key type asymmetric registered
[    1.958800] Asymmetric key parser 'x509' registered
[    1.960227] Block layer SCSI generic (bsg) driver version 0.4 loaded (major 249)
[    1.962558] io scheduler noop registered
[    1.968851] io scheduler deadline registered (default)
[    1.970071] io scheduler cfq registered
[    1.971016] pci_hotplug: PCI Hot Plug PCI Core version: 0.5
[    1.972616] pciehp: PCI Express Hot Plug Controller Driver version: 0.4
[    1.997328] ACPI: AC Adapter [AC] (on-line)
[    2.000961] input: Power Button as /devices/LNXSYSTM:00/LNXPWRBN:00/input/input0
[    2.012509] ACPI: Power Button [PWRF]
[    2.019043] input: Sleep Button as /devices/LNXSYSTM:00/LNXSLPBN:00/input/input1
[    2.021174] ACPI: Sleep Button [SLPF]
[    2.022848] GHES: HEST is nt enabled!
[    2.057264] Serial: 8250/16550 driver32pots IRQ sharing enabled
[   2.202726] 00:02: ttyS0 at I/O 0x3f8 (irq = 4, base_baud = 115200) is a 16550A

[    2.232541] Linux agpgart interface v0.103
[    2.265693] loop: module loaded
[    2.267370] scsi host0: ata_piix
[    2.268417] scsi host1: ata_piix
[    2.295586] ata1: PATA max UDMA/33 cmd 0x1f0 ctl 0x3f6 bmdma 0xd000 irq 14
[    2.297846] ata2: PATA max UDMA/33 cmd 0x170 ctl 0x376 bmdma 0xd008 irq 15
[    2.299799] libphy: Fixed MDIO Bus: probed
[    2.301024] tun: Universal TUN/TAP device driver, 1.6
[    2.317063] tun: (C) 1999-2004 Max Krasnyansky <maxk@qualcomm.com>
[    2.318490] PPP generic driver version 2.4.2
[    2.319416] ehci_hcd: USB 2.0 'Enhanced' Host Controller (EHCI) Driver
[    2.320741] ehci-pci: EHCI PCI platform driver
[    2.331352] ehci-platform: EHCI generic platform driver
[    2.332991] ohci_hcd: USB 1.1 'Open' Host Controller (OHCI) Driver
[    2.334774] ohci-pci: OHCI PCI platform driver
[    2.336241] ohci-platform: OHCI generic platform driver
[    2.337867] uhci_hcd: USB Universal Host Controller Interface driver
[    2.349073] i8042: PNP: PS/2 Controller [PNP0303:PS2K,PNP0f03:PS2M] at 0x60,0x64 irq 1,12
[    2.352273] serio: i8042 KBD port at 0x60,0x64 irq 1
[    2.360050] serio: i8042 AUX port at 0x60,0x64 irq 12
[    2.366855] mousedev: PS/2 mouse device common for all mice
[    2.368763] rtc_cmos rtc_cmos: rtc core: registered rtc_cmos as rtc0
[    2.370335] input: AT Translated Set 2 keyboard as /devices/platform/i8042/serio0/input/input2
[    2.391637] rtc_cmos rtc_cmos: alarms up to one day, 114 bytes nvram
[    2.400478] i2c /dev entries driver
[    2.401680] device-mapper: uevent: version 1.0.3
[    2.403059] device-mapper: ioctl: 4.34.0-ioctl (2015-10-28) initialised: dm-devel@redhat.com
[    2.405473] ledtrig-cpu: registered to indicate activity on CPUs
[    2.407994] NET: Registered protocol family 10
[    2.424495] NET: Registered protocol family 17
[    2.427265] Key type dns_resolver registered
[    2.429961] registered taskstats version 1
[    2.431492] Loading compiled-in X.509 certificates
[    2.433925] Loaded X.509 cert 'Build time autogenerated kernel key: b7189ebc996fd79c52efc1226b6676b25e4f6a2d'
[    2.436656] zswap: loaded using pool lzo/zbud
[    2.441049] Key type trusted registered
[    2.477293] Key type encrypted registered
[    2.485569] AppArmor: AppArmor sha1 policy hashing enabled
[    2.499695] ima: No TPM chip found, activating TPM-bypass!
[    2.517251] ima: Allocated hash algorithm: sha1
[    2.523887] evm: HMAC attrs: 0x1
[    2.531559]   Magic number: 2:247:107
[    2.537919] rtc_cmos rtc_cmos: setting system clock to 2018-09-26 02:06:21 UTC (1537927581)
[    2.562363] BIOS EDD facility v0.16 2004-Jun-25, 0 devices found
[    2.566833] EDD information not available.
[    2.573098] Freeing unused kernel memory: 1516K
[    3.004972] tsc: Refined TSC clocksource calibration: 2594.157 MHz
[    3.007598] clocksource: tsc: mask: 0xffffffffffffffff max_cycles: 0x2564accb5a2, max_idle_ns: 440795338731 ns
[    3.029889] Write protecting the kernel read-only data: 14336k
[    3.061151] Freeing unused kernel memory: 1672K
[    3.065408] Freeing unused kernel memory: 92K
Loading, please wait...
starting version[    3.081359] random: systemd-udevd: uninitialized urandom read (16 bytes read, 2 bits of entropy available)
[    3.082513] random: udevadm: uninitialized urandom read (16 bytes read, 2 bits of entropy available)
 229
[    3.082550] random: udevadm: uninitialized urandom read (16 bytes read, 2 bits of entropy available)
[    3.093525] random: udevadm: uninitialized urandom read (16 bytes read, 2 bits of entropy available)
[    3.093622] random: udevadm: uninitialized urandom read (16 bytes read, 2 bits of entropy available)
[    3.093897] random: udevadm: uninitialized urandom read (16 bytes read, 2 bits of entropy available)
[    3.093993] random: udevadm: uninitialized urandom read (16 bytes read, 2 bits of entropy available)
[    3.094079] random: udevadm: uninitialized urandom read (16 bytes read, 2 bits of entropy available)
[    3.094177] random: udevadm: uninitialized urandom read (16 bytes read, 2 bits of entropy available)
[    3.094276] random: udevadm: uninitialized urandom read (16 bytes read, 2 bits of entropy available)
[    3.235385] Fusion MPT base driver 3.04.20
[    3.236535] Copyright (c) 1999-2008 LSI Corporation
[    3.239655] e1000: Intel(R) PRO/1000 Network Driver - version 7.3.21-k8-NAPI
[    3.251361] e1000: Copyright (c) 1999-2006 Intel Corporation.
[    3.281291] Fusion MPT SPI Host driver 3.04.20
[    3.284439] AVX2 version of gcm_enc/dec engaged.
[    3.291557] AES CTR mode by8 optimization enabled
[    3.457991] input: ImExPS/2 Generic Explorer Mouse as /devices/platform/i8042/serio1/input/input4
[    3.636531] e1000 0000:00:03.0 eth0: (PCI:33MHz:32-bit) 02:fb:a8:4c:29:d0
[    3.637865] e1000 0000:00:03.0 eth0: Intel(R) PRO/1000 Network Connection
[    3.639962] mptbase: ioc0: Initiating bringup
[    3.641003] e1000 0000:00:03.0 enp0s3: renamed from eth0
[    3.710032] ioc0: LSI53C1030 A0: Capabilities={Initiator}
[    4.823626] scsi host2: ioc0: LSI53C1030 A0, FwRev=00000000h, Ports=1, MaxQ=256, IRQ=20
[    5.642220] scsi 2:0:0:0: Direct-Access     VBOX     HARDDISK         1.0  PQ: 0 ANSI: 5
[    5.646877] scsi target2:0:0: Beginning Domain Validation
[    5.651446] scsi target2:0:0: Domain Validation skipping write tests
[    5.655569] scsi target2:0:0: Ending Domain Validation
[    5.658866] scsi target2:0:0: asynchronous
[    5.662628] scsi 2:0:1:0: Direct-Access     VBOX     HARDDISK         1.0  PQ: 0 ANSI: 5
[    5.680975] scsi target2:0:1: Beginning Domain Validation
[    5.685077] scsi target2:0:1: Domain Validation skipping write tests
[    5.688653] scsi target2:0:1: Ending Domain Validation
[    5.691608] scsi target2:0:1: asynchronous
[    5.720641] sd 2:0:0:0: [sda] 20971520 512-byte logical blocks: (10.7 GB/10.0 GiB)
[    5.721123] sd 2:0:0:0: Attached scsi generic sg0 type 0
[    5.722923] sd 2:0:1:0: Attached scsi generic sg1 type 0
[    5.723349] sd 2:0:1:0: [sdb] 20480 512-byte logical blocks: (10.5 MB/10.0 MiB)
[    5.723587] sd 2:0:1:0: [sdb] Write Protect is off
[    5.723768] sd 2:0:1:0: [sdb] Incomplete mode parameter data
[    5.723770] sd 2:0:1:0: [sdb] Assuming drive cache: write through
[    5.765254] sd 2:0:1:0: [sdb] Attached SCSI disk
[    5.778053] sd 2:0:0:0: [sda] Write Protect is off
[    5.789056] sd 2:0:0:0: [sda] Incomplete mode parameter data
[    5.790466] sd 2:0:0:0: [sda] Assuming drive cache: write through
[    5.810217]  sda: sda1
[    5.812019] sd 2:0:0:0: [sda] Attached SCSI disk
Begin: Loading essential drivers ... [    7.180510] md: linear personality registered for level -1
[    7.190773] md: multipath personality registered for level -4
[    7.206768] md: raid0 personality registered for level 0
[    7.217764] md: raid1 personality registered for level 1
[    7.288762] raid6: sse2x1   gen()  6643 MB/s
[    7.364752] raid6: sse2x1   xor()  4784 MB/s
[    7.436721] raid6: sse2x2   gen()  8826 MB/s
[    7.512729] raid6: sse2x2   xor()  7014 MB/s
[    7.580713] raid6: sse2x4   gen() 11981 MB/s
[    7.652795] raid6: sse2x4   xor()  6489 MB/s
[    7.720870] raid6: avx2x1   gen() 13887 MB/s
[    7.788752] raid6: avx2x2   gen() 14675 MB/s
[    7.856724] raid6: avx2x4   gen() 18471 MB/s
[    7.857967] raid6: using algorithm avx2x4 gen() 18471 MB/s
[    7.859422] raid6: using avx2x2 recovery algorithm
[    7.868345] xor: automatically using best checksumming function:
[    7.917380]    avx       : 46468.000 MB/sec
[    7.919784] async_tx: api initialized (async)
[    7.933214] md: raid6 personality registered for level 6
[    7.938754] md: raid5 personality registered for level 5
[    7.940143] md: raid4 personality registered for level 4
[    7.947256] md: raid10 personality registered for level 10
done.
Begin: Running /scripts/init-premount ... done.
Begin: Mounting [    8.008135] Btrfs loaded
root file system ... Begin: Running /scripts/local-top ... done.
Begin: Running /scripts/local-premount ... Scanning for Btrfs filesystems
[    8.048053] EXT4-fs (sda1): INFO: recovery required on readonly filesystem
done.
Warning: fsck not present, so skipping root file system
[    8.068012] EXT4-fs (sda1): write access will be enabled during recovery
[    8.329324] EXT4-fs (sda1): recovery complete
[    8.331246] EXT4-fs (sda1): mounted filesystem with ordered data mode. Opts: (null)
done.
Begin: Running /scripts/local-bottom ... done.
Begin: Running /scripts/init-bottom ... done.
[    9.078460] systemd[1]: systemd 229 running in system mode. (+PAM +AUDIT +SELINUX +IMA +APPARMOR +SMACK +SYSVINIT +UTMP +LIBCRYPTSETUP +GCRYPT +GNUTLS +ACL +XZ -LZ4 +SECCOMP +BLKID +ELFUTILS +KMOD -IDN)
[    9.091648] systemd[1]: Detected virtualization oracle.
[    9.092822] systemd[1]: Detected architecture x86-64.

Welcome to [1mUbuntu 16.04.5 LTS[0m!

[    9.151141] systemd[1]: Set hostname to <ubuntu-xenial>.
[    9.501750] random: nonblocking pool is initialized
[   10.279696] systemd[1]: Reached target Swap.
[[0;32m  OK  [0m] Reached target Swap.
[   10.284330] systemd[1]: Started Forward Password Requests to Wall Directory Watch.
[[0;32m  OK  [0m] Started Forward Password Requests to Wall Directory Watch.
[   10.293062] systemd[1]: Reached target System Time Synchronized.
[[0;32m  OK  [0m] Reached target System Time Synchronized.
[   10.304467] systemd[1]: Reached target User and Group Name Lookups.
[[0;32m  OK  [0m] Reached target User and Group Name Lookups.
[   10.309312] systemd[1]: Listening on Journal Socket (/dev/log).
[[0;32m  OK  [0m] Listening on Journal Socket (/dev/log).
[   10.332726] systemd[1]: Listening on Journal Audit Socket.
[[0;32m  OK  [0m] Listening on Journal Audit Socket.
[   10.348465] systemd[1]: Reached target Encrypted Volumes.
[[0;32m  OK  [0m] Reached target Encrypted Volumes.
[   10.351189] systemd[1]: Listening on Device-mapper event daemon FIFOs.
[[0;32m  OK  [0m] Listening on Device-mapper event daemon FIFOs.
[   10.372691] systemd[1]: Listening on LVM2 metadata daemon socket.
[[0;32m  OK  [0m] Listening on LVM2 metadata daemon socket.
[   10.381327] systemd[1]: Created slice System Slice.
[[0;32m  OK  [0m] Created slice System Slice.
[   10.391244] systemd[1]: Created slice system-postgresql.slice.
[[0;32m  OK  [0m] Created slice system-postgresql.slice.
[   10.441138] systemd[1]: Created slice system-serial\x2dgetty.slice.
[[0;32m  OK  [0m] Created slice system-serial\x2dgetty.slice.
[   10.450610] systemd[1]: Listening on LVM2 poll daemon socket.
[[0;32m  OK  [0m] Listening on LVM2 poll daemon socket.
[   10.469235] systemd[1]: Set up automount Arbitrary Executable File Formats File System Automount Point.
[[0;32m  OK  [0m] Set up automount Arbitrary Executab...ats File System Automount Point.
[   10.525074] systemd[1]: Listening on udev Control Socket.
[[0;32m  OK  [0m] Listening on udev Control Socket.
[   10.546766] systemd[1]: Listening on udev Kernel Socket.
[[0;32m  OK  [0m] Listening on udev Kernel Socket.
[   10.587971] systemd[1]: Listening on Syslog Socket.
[[0;32m  OK  [0m] Listening on Syslog Socket.
[   10.609611] systemd[1]: Started Trigger resolvconf update for networkd DNS.
[[0;32m  OK  [0m] Started Trigger resolvconf update for networkd DNS.
[   10.613779] systemd[1]: Listening on /dev/initctl Compatibility Named Pipe.
[[0;32m  OK  [0m] Listening on /dev/initctl Compatibility Named Pipe.
[   10.616968] systemd[1]: Listening on Journal Socket.
[[0;32m  OK  [0m] Listening on Journal Socket.
[   10.629222] systemd[1]: Mounting POSIX Message Queue File System...
         Mounting POSIX Message Queue File System...
[   10.736936] systemd[1]: Starting Nameserver information manager...
         Starting Nameserver information manager...
[   10.768813] systemd[1]: Starting Uncomplicated firewall...
         Starting Uncomplicated firewall...
[   10.793926] systemd[1]: Starting Create list of required static device nodes for the current kernel...
         Starting Create list of required st... nodes for the current kernel...
[   10.805673] systemd[1]: Mounting Huge Pages File System...
         Mounting Huge Pages File System...
[   10.817743] systemd[1]: Mounting Debug File System...
         Mounting Debug File System...
[   10.877058] systemd[1]: Starting Load Kernel Modules...
         Starting Load Kernel Modules...
[   10.897970] systemd[1]: Starting Set console keymap...
         Starting Set console keymap...
[   10.926573] systemd[1]: Starting Journal Service...
         Starting Journal Service...
[   10.985167] systemd[1]: Starting Monitoring of LVM2 mirrors, snapshots etc. using dmeventd or progress polling...
         Starting Monitoring of LVM2 mirrors... dmeventd or prog[   11.001535] Loading iSCSI transport class v2.0-870.
ress polling...
[   11.013261] systemd[1]: Starting Remount Root and Kernel File Systems...
         Starting Remount Root and Kernel File Systems...
[   11.046697] systemd[1]: Created slice User and Session Slice.
[[0;32m  OK  [0m] Created slice User and Session Slice.
[   11.049517] systemd[1]: Reached target Slices.
[[0;32m  OK  [0m] Reached target Slices.
[   11.054022] systemd[1]: Mounted POSIX Message Queue File System.
[[0;32m  OK  [0m] Mounted POSIX Message Queue File System.
[   11.075301] systemd[1]: Mounted Debug File System.
[[0;32m  OK  [0m] Mounted Debug File System.
[   11.078337] iscsi: registered transport (tcp)
[   11.079174] systemd[1]: Mounted Huge Pages File System.
[[0;32m  OK  [0m] Mounted Huge Pages File System.
[   11.084667] systemd[1]: Started Uncomplicated firewall.
[[0;32m  OK  [0m] Started Uncomplicated firewall.
[   11.113471] systemd[1]: Started Create list of required static device nodes for the current kernel.
[[0;32m  OK  [0m] Started Create list of required sta...ce nodes for the current kernel.
[   11.135396] EXT4-fs (sda1): re-mounted. Opts: (null)
[   11.281086] systemd[1]: Starting Create Static Device Nodes in /dev...
         Starting Create Static Device Nodes in /dev...
[   11.292120] systemd[1]: Started Remount Root and Kernel File Systems.
[[0;32m  OK  [0m] Started Remount Root and Kernel File Systems.
[   11.310525] systemd[1]: Started Set console keymap.
[[0;32m  OK  [0m] Started Set console keymap.
[   11.405264] systemd[1]: Starting udev Coldplug all Devices...
         Starting udev Coldplug all Devices...
[   11.410491] systemd[1]: Starting Load/Save Random Seed...
         Starting Load/Save Random Seed...
[   11.415078] systemd[1]: Started Nameserver information manager.
[[0;32m  OK  [0m] Started Nameserver information manager.
[   11.469036] systemd[1]: Started LVM2 metadata daemon.
[[0;32m  OK  [0m] Started LVM2 metadata daemon.
[   11.529482] systemd[1]: Started Journal Service.
[[0;32m  OK  [0m] Started Journal Service.
         Starting Flush Journal to Persistent Storage...
[[0;32m  OK  [0m] Started Load/Save Random Seed.
[[0;32m  OK  [0m] Started udev Coldplug all Devices.
[   11.669764] systemd-journald[391]: Received request to flush runtime journal from PID 1
[[0;32m  OK  [0m] Started Flush Journal to Persistent Storage.
[   11.732955] iscsi: registered transport (iser)
[[0;32m  OK  [0m] Started Load Kernel Modules.
         Mounting FUSE Control File System...
         Starting Apply Kernel Variables...
[[0;32m  OK  [0m] Mounted FUSE Control File System.
[[0;32m  OK  [0m] Started Monitoring of LVM2 mirrors,...ng dmeventd or progress polling.
[[0;32m  OK  [0m] Started Apply Kernel Variables.
[[0;32m  OK  [0m] Started Create Static Device Nodes in /dev.
         Starting udev Kernel Device Manager...
[[0;32m  OK  [0m] Started udev Kernel Device Manager.
[[0;32m  OK  [0m] Reached target Local File Systems (Pre).
[[0;32m  OK  [0m] Reached target Local File Systems.
         Starting Initial cloud-init job (pre-networking)...
         Starting Create Volatile Files and Directories...
         Starting Set console font and keymap...
         Starting Tell Plymouth To Write Out Runtime Data...
         Starting LSB: AppArmor initialization...
[[0;32m  OK  [0m] Started Dispatch Password Requests to Console Directory Watch.
[[0;32m  OK  [0m] Started Create Volatile Files and Directories.
         Starting Update UTMP about System Boot/Shutdown...
[[0;32m  OK  [0m] Found device /dev/ttyS0.
[[0;32m  OK  [0m] Started Tell Plymouth To Write Out Runtime Data.
[[0;32m  OK  [0m] Started Update UTMP about System Boot/Shutdown.
[[0;32m  OK  [0m] Listening on Load/Save RF Kill Switch Status /dev/rfkill Watch.
[[0;32m  OK  [0m] Found device 82540EM Gigabit Ethern...r (PRO/1000 MT Desktop Adapter).
[[0;32m  OK  [0m] Started Set console font and keymap.
[[0;32m  OK  [0m] Created slice system-getty.slice.
[[0;32m  OK  [0m] Started LSB: AppArmor initialization.
[   19.826659] cloud-init[477]: Cloud-init v. 18.3-9-g2e62cb8a-0ubuntu1~16.04.2 running 'init-local' at Wed, 26 Sep 2018 02:06:38 +0000. Up 18.87 seconds.
[[0;32m  OK  [0m] Started Initial cloud-init job (pre-networking).
[[0;32m  OK  [0m] Reached target Network (Pre).
[[0;32m  OK  [0m] Started ifup for enp0s3.
         Starting Raise network interfaces...
[[0;32m  OK  [0m] Started Raise network interfaces.
         Starting Initial cloud-init job (metadata service crawler)...
[[0;32m  OK  [0m] Reached target Network.
[   21.356331] cloud-init[963]: Cloud-init v. 18.3-9-g2e62cb8a-0ubuntu1~16.04.2 running 'init' at Wed, 26 Sep 2018 02:06:40 +0000. Up 20.57 seconds.
[   21.390968] cloud-init[963]: ci-info: ++++++++++++++++++++++++++++++++++++++Net device info++++++++++++++++++++++++++++++++++++++
[   21.414468] cloud-init[963]: ci-info: +--------+------+----------------------------+---------------+--------+-------------------+
[   21.428537] cloud-init[963]: ci-info: | Device |  Up  |          Address           |      Mask     | Scope  |     Hw-Address    |
[   21.431339] [[0;32m  OK  [0m] Started Initial cloud-init job (metadata service crawler).
[[0;32m  OK  [0m] Reached target Network is Online.
cloud-init[963]: ci-info: +--------+------+----------------------------+---------------+--------+-------------------+
[   21.435845] cloud-init[963]: ci-info: | enp0s3 | True |         10.0.2.15          | 255.255.255.0 | global | 02:fb:a8:4c:29:d0 |
[   21.482840]          Starting iSCSI initiator daemon (iscsid)...
[[0;32m  OK  [0m] Reached target System Initialization.
cloud-init[963]: ci-info: | enp0s3 | True | fe80::fb:a8ff:fe4c:29d0/64 |       .       |  link  | 02:fb:a8:4c:29:d0 |[[0;32m  OK  [0m] Started ACPI Events Check.
[[0;32m  OK  [0m] Reached target Paths.

[   21.507418] [cloud-init[0;32m  OK  [0m[963]: ] ci-info: |   lo   | True |         127.0.0.1          |   255.0.0.0   |  host  |         .         |Listening on UUID daemon activation socket.

[   21.553041] [[0;32m  OK  [0m] Started Daily apt download activities.
         Starting Socket activation for snappy daemon.
cloud-init[963]: ci-info: |   lo   | True |          ::1/128           |       .       |  host  |         .         |
[   21.557489] cloud-init[963]: ci-info: +--------+------+----------------------------+---------------+--------+-------------------+
[   21.566033]          cloud-initStarting LXD - unix socket.[963]: 
ci-info: +++++++++++++++++++++++++++Route IPv4 info++++++++++++++++++++++++++++
[   21.652433] [cloud-init[0;32m  OK  [0m[963]: ] ci-info: +-------+-------------+----------+---------------+-----------+-------+Started Daily Cleanup of Temporary Directories.

[   21.672570] [cloud-init[0;32m  OK  [0m[963]: ] ci-info: | Route | Destination | Gateway  |    Genmask    | Interface | Flags |Listening on D-Bus System Message Bus Socket.

[[0;32m  OK  [0m] Listening on ACPID Listen Socket.
[[0;32m  OK  [0m] Started Daily apt upgrade and clean activities.
[   21.673058] cloud-init[963]: ci-info: +-------+-------------+----------+---------------+-----------+-------+
[   21.857978] [[0;32m  OK  [0m] Reached target Timers.
[[0;32m  OK  [0m] Reached target Cloud-config availability.
cloud-init[963]: ci-info: |   0   |   0.0.0.0   | 10.0.2.2 |    0.0.0.0    |   enp0s3  |   UG  |
[   21.894049] cloud-init[963]: ci-info: |   1   |   10.0.2.0  | 0.0.0.0  | 255.255.255.0 |   enp0s3  |   U   |[
[0;32m  OK  [0m] Listening on Socket activation for snappy daemon.
[   21.908182] cloud-init[963]: ci-info: +-------+-------------+----------+---------------+-----------+-------+
[[0;32m  OK  [0m] Listening on LXD - unix socket.
[[0;32m  OK  [0m] Started iSCSI initiator daemon (iscsid).
[   21.912663] cloud-init[963]: ci-info: +++++++++++++++++++Route IPv6 info+++++++++++++++++++
[   21.997245]          Starting Login to default iSCSI targets...
[[0;32m  OK  [0m] Reached target Sockets.
[[0;32m  OK  [0m] Reached target Basic System.
cloud-init[963]: ci-info: +-------+-------------+---------+-----------+-------+
[   22.006334] cloud-init[963]: ci-info: | Route | Destination | Gateway | Interface | Flags |
[   22.008834] cloud-init[963]: ci-info: +-------+-------------+---------+-----------+-------+
[   22.058017] cloud-init[963]: ci-info: |   0   |  fe80::/64  |    ::   |   enp0s3  |   U   |
[   22.101278]          Starting OpenBSD Secure Shell server...
cloud-init[963]: ci-info: |   3   |   ff00::/8  |    ::   |   enp0s3  |   U   |
[   22.120349] cloud-init[963]: ci-info: +-------+-------------+---------+-----------+-------+
         Starting /etc/rc.local Compatibility...
         Starting Login Service...
[[0;32m  OK  [0m] Started Regular background program processing daemon.
[[0;32m  OK  [0m] Started FUSE filesystem for LXC.
[[0;32m  OK  [0m] Started Unattended Upgrades Shutdown.
[[0;32m  OK  [0m] Started Deferred execution scheduler.
         Starting Advanced key-value store...
         Starting Accounts Service...
         Starting LXD - container startup/shutdown...
[[0;32m  OK  [0m] Started ACPI event daemon.
         Starting System Logging Service...
[[0;32m  OK  [0m] Started D-Bus System Message Bus.
         Starting LSB: MD monitoring daemon...
         Starting PostgreSQL Cluster 9.6-main...
         Starting LSB: Record successful boot for GRUB...
         Starting Virtualbox guest utils...
         Starting Snappy daemon...
[[0;32m  OK  [0m] Started OpenBSD Secure Shell server.
[[0;32m  OK  [0m] Started System Logging Service.
[[0;32m  OK  [0m] Started /etc/rc.local Compatibility.
[[0;32m  OK  [0m] Started Login Service.
[[0;32m  OK  [0m] Started LSB: Record successful boot for GRUB.
[[0;32m  OK  [0m] Started LSB: MD monitoring daemon.
[[0;32m  OK  [0m] Started Advanced key-value store.
[[0;32m  OK  [0m] Started Login to default iSCSI targets.
[[0;32m  OK  [0m] Reached target Remote File Systems (Pre).
[[0;32m  OK  [0m] Reached target Remote File Systems.
         Starting LSB: Set the CPU Frequency Scaling governor to "ondemand"...
         Starting LSB: automatic crash report generation...
         Starting LSB: daemon to balance interrupts for SMP systems...
         Starting Permit User Sessions...
         Starting LSB: Start/stop sysstat's sadc...
[[0;32m  OK  [0m] Started Permit User Sessions.
         Starting Terminate Plymouth Boot Screen...
         Starting Hold until boot process finishes up...
[[0;32m  OK  [0m] Started LSB: Set the CPU Frequency Scaling governor to "ondemand".
[[0;32m  OK  [0m] Started Terminate Plymouth Boot Screen.
[[0;32m  OK  [0m] Started Hold until boot process finishes up.
         Starting Set console scheme...
[[0;32m  OK  [0m] Started Getty on tty1.
[[0;32m  OK  [0m] Started Serial Getty on ttyS0.
[[0;32m  OK  [0m] Reached target Login Prompts.
[[0;32m  OK  [0m] Started LSB: daemon to balance interrupts for SMP systems.
[[0;32m  OK  [0m] Started Set console scheme.
         Starting Authenticate and Authorize Users to Run Privileged Tasks...
[[0;32m  OK  [0m] Started LSB: Start/stop sysstat's sadc.
[[0;32m  OK  [0m] Started LSB: automatic crash report generation.
[[0;32m  OK  [0m] Started Virtualbox guest utils.
[[0;32m  OK  [0m] Started Authenticate and Authorize Users to Run Privileged Tasks.
[[0;32m  OK  [0m] Started Accounts Service.
[[0;32m  OK  [0m] Created slice User Slice of vagrant.
         Starting User Manager for UID 1000...
[[0;32m  OK  [0m] Started Session 1 of user vagrant.
[[0;32m  OK  [0m] Started LXD - container startup/shutdown.
[[0;32m  OK  [0m] Started User Manager for UID 1000.
[[0;32m  OK  [0m] Started Snappy daemon.
         Starting Wait until snapd is fully seeded...
[[0;32m  OK  [0m] Started Wait until snapd is fully seeded.
         Starting Apply the settings specified in cloud-config...
[   29.107716] cloud-init[1254]: Cloud-init v. 18.3-9-g2e62cb8a-0ubuntu1~16.04.2 running 'modules:config' at Wed, 26 Sep 2018 02:06:48 +0000. Up 28.70 seconds.
[[0;32m  OK  [0m] Started Apply the settings specified in cloud-config.

Ubuntu 16.04.5 LTS ubuntu-xenial ttyS0

ubuntu-xenial login: [   32.800053] cloud-init[1364]: Cloud-init v. 18.3-9-g2e62cb8a-0ubuntu1~16.04.2 running 'modules:final' at Wed, 26 Sep 2018 02:06:51 +0000. Up 32.04 seconds.
[   32.802762] cloud-init[1364]: Cloud-init v. 18.3-9-g2e62cb8a-0ubuntu1~16.04.2 finished at Wed, 26 Sep 2018 02:06:52 +0000. Datasource DataSourceNoCloud [seed=/dev/sdb][dsmode=net].  Up 32.79 seconds
